\BOOKMARK [1][-]{section*.2}{\376\377\000S\000e\000t\000t\000i\000n\000g\000\040\000a\000n\000d\000\040\000n\000o\000t\000a\000t\000i\000o\000n}{}% 1
\BOOKMARK [1][-]{section.1}{\376\377\000D\000e\000f\000i\000n\000i\000t\000i\000o\000n\000s\000:\000\040\000E\000v\000a\000s\000i\000o\000n\000\040\000A\000t\000t\000a\000c\000k\000s}{}% 2
\BOOKMARK [2][-]{subsection.1.1}{\376\377\000I\000n\000f\000o\000r\000m\000a\000l\000\040\000D\000e\000f\000i\000n\000i\000t\000i\000o\000n}{section.1}% 3
\BOOKMARK [2][-]{subsection.1.2}{\376\377\000F\000o\000r\000m\000a\000l\000\040\000D\000e\000f\000i\000n\000i\000t\000i\000o\000n}{section.1}% 4
\BOOKMARK [1][-]{section.2}{\376\377\000A\000\040\000T\000a\000x\000o\000n\000o\000m\000y\000\040\000o\000f\000\040\000E\000v\000a\000s\000i\000o\000n\000\040\000A\000t\000t\000a\000c\000k\000s}{}% 5
\BOOKMARK [1][-]{section.3}{\376\377\000W\000h\000i\000t\000e\000-\000B\000o\000x\000\040\000A\000t\000t\000a\000c\000k\000s}{}% 6
\BOOKMARK [2][-]{subsection.3.1}{\376\377\000B\000u\000d\000g\000e\000t\000\040\000p\000r\000o\000b\000l\000e\000m\000:\000\040\000F\000G\000S\000M\000,\000\040\000B\000I\000M\000\040\000a\000n\000d\000\040\000P\000G\000D}{section.3}% 7
\BOOKMARK [3][-]{subsubsection.3.1.1}{\376\377\000F\000a\000s\000t\000\040\000G\000r\000a\000d\000i\000e\000n\000t\000\040\000S\000i\000g\000n\000\040\000M\000e\000t\000h\000o\000d\000\040\000\050\000F\000G\000S\000M\000\051}{subsection.3.1}% 8
\BOOKMARK [3][-]{subsubsection.3.1.2}{\376\377\000B\000a\000s\000i\000c\000\040\000I\000t\000e\000r\000a\000t\000i\000v\000e\000\040\000M\000e\000t\000h\000o\000d\000\040\000\050\000B\000I\000M\000\051}{subsection.3.1}% 9
\BOOKMARK [3][-]{subsubsection.3.1.3}{\376\377\000P\000r\000o\000j\000e\000c\000t\000e\000d\000\040\000G\000r\000a\000d\000i\000e\000n\000t\000\040\000D\000e\000s\000c\000e\000n\000t\000\040\000\050\000P\000G\000D\000\051}{subsection.3.1}% 10
\BOOKMARK [2][-]{subsection.3.2}{\376\377\000M\000i\000n\000-\000n\000o\000r\000m\000\040\000p\000r\000o\000b\000l\000e\000m\000:\000\040\000C\000a\000r\000l\000i\000n\000i\000\040\000a\000n\000d\000\040\000W\000a\000g\000n\000e\000r\000,\000\040\000a\000n\000d\000\040\000D\000e\000e\000p\000F\000o\000o\000l}{section.3}% 11
\BOOKMARK [1][-]{section.4}{\376\377\000Q\000u\000e\000r\000y\000-\000B\000a\000s\000e\000d\000\040\000B\000l\000a\000c\000k\000-\000B\000o\000x\000\040\000A\000t\000t\000a\000c\000k\000s}{}% 12
\BOOKMARK [2][-]{subsection.4.1}{\376\377\000S\000c\000o\000r\000e\000-\000b\000a\000s\000e\000d\000\040\000a\000t\000t\000a\000c\000k\000s}{section.4}% 13
\BOOKMARK [3][-]{subsubsection.4.1.1}{\376\377\000Z\000e\000r\000o\000t\000h\000-\000o\000r\000d\000e\000r\000\040\000g\000r\000a\000d\000i\000e\000n\000t\000\040\000e\000s\000t\000i\000m\000a\000t\000i\000o\000n}{subsection.4.1}% 14
\BOOKMARK [3][-]{subsubsection.4.1.2}{\376\377\000G\000r\000a\000d\000i\000e\000n\000t\000-\000f\000r\000e\000e\000\040\000r\000a\000n\000d\000o\000m\000\040\000s\000e\000a\000r\000c\000h}{subsection.4.1}% 15
\BOOKMARK [2][-]{subsection.4.2}{\376\377\000D\000e\000c\000i\000s\000i\000o\000n\000-\000b\000a\000s\000e\000d\000\040\000a\000t\000t\000a\000c\000k\000s}{section.4}% 16
\BOOKMARK [1][-]{section.5}{\376\377\000T\000r\000a\000n\000s\000f\000e\000r\000-\000B\000a\000s\000e\000d\000\040\000B\000l\000a\000c\000k\000-\000B\000o\000x\000\040\000A\000t\000t\000a\000c\000k\000s}{}% 17
\BOOKMARK [1][-]{section.6}{\376\377\000E\000n\000s\000e\000m\000b\000l\000e\000s\000:\000\040\000S\000u\000r\000r\000o\000g\000a\000t\000e\000s\000\040\000a\000n\000d\000\040\000T\000a\000r\000g\000e\000t\000s}{}% 18
\BOOKMARK [1][-]{section.7}{\376\377\000E\000v\000a\000s\000i\000o\000n\000\040\000A\000t\000t\000a\000c\000k\000s\000\040\000o\000n\000\040\000L\000a\000r\000g\000e\000\040\000L\000a\000n\000g\000u\000a\000g\000e\000\040\000M\000o\000d\000e\000l\000s}{}% 19
\BOOKMARK [2][-]{subsection.7.1}{\376\377\000S\000e\000t\000t\000i\000n\000g\000\040\000a\000n\000d\000\040\000t\000h\000r\000e\000a\000t\000\040\000m\000o\000d\000e\000l}{section.7}% 20
\BOOKMARK [2][-]{subsection.7.2}{\376\377\000A\000\040\000s\000u\000r\000r\000o\000g\000a\000t\000e\000\040\000l\000o\000s\000s\000\040\000a\000n\000d\000\040\000t\000h\000e\000\040\000d\000i\000s\000c\000r\000e\000t\000e\000\040\000b\000u\000d\000g\000e\000t\000\040\000p\000r\000o\000b\000l\000e\000m}{section.7}% 21
\BOOKMARK [2][-]{subsection.7.3}{\376\377\000W\000h\000i\000t\000e\000-\000b\000o\000x\000:\000\040\000G\000r\000e\000e\000d\000y\000\040\000C\000o\000o\000r\000d\000i\000n\000a\000t\000e\000\040\000G\000r\000a\000d\000i\000e\000n\000t}{section.7}% 22
\BOOKMARK [2][-]{subsection.7.4}{\376\377\000B\000l\000a\000c\000k\000-\000b\000o\000x\000\040\000a\000t\000t\000a\000c\000k\000s}{section.7}% 23
\BOOKMARK [2][-]{subsection.7.5}{\376\377\000P\000r\000o\000m\000p\000t\000\040\000i\000n\000j\000e\000c\000t\000i\000o\000n}{section.7}% 24
\BOOKMARK [2][-]{subsection.7.6}{\376\377\000D\000e\000f\000e\000n\000s\000e\000s\000\040\000a\000n\000d\000\040\000t\000h\000e\000i\000r\000\040\000l\000i\000m\000i\000t\000s}{section.7}% 25
\BOOKMARK [1][-]{section.8}{\376\377\000H\000a\000n\000d\000s\000-\000O\000n\000:\000\040\000I\000m\000p\000l\000e\000m\000e\000n\000t\000i\000n\000g\000\040\000E\000v\000a\000s\000i\000o\000n\000\040\000A\000t\000t\000a\000c\000k\000s}{}% 26
\BOOKMARK [2][-]{subsection.8.1}{\376\377\000F\000G\000S\000M\000\040\000a\000n\000d\000\040\000P\000G\000D}{section.8}% 27
\BOOKMARK [2][-]{subsection.8.2}{\376\377\000C\000a\000r\000l\000i\000n\000i\040\023\000W\000a\000g\000n\000e\000r\000\040\0002\000\040\000\050\000s\000i\000n\000g\000l\000e\000\040\000c\000,\000\040\000n\000o\000\040\000b\000i\000n\000a\000r\000y\000\040\000s\000e\000a\000r\000c\000h\000\051}{section.8}% 28
\BOOKMARK [2][-]{subsection.8.3}{\376\377\000A\000\040\000s\000c\000o\000r\000e\000-\000b\000a\000s\000e\000d\000\040\000a\000t\000t\000a\000c\000k\000:\000\040\000N\000E\000S\000\040\000g\000r\000a\000d\000i\000e\000n\000t\000\040\000e\000s\000t\000i\000m\000a\000t\000e\000\040\000i\000n\000s\000i\000d\000e\000\040\000P\000G\000D}{section.8}% 29
\BOOKMARK [2][-]{subsection.8.4}{\376\377\000T\000r\000a\000n\000s\000f\000e\000r\000\040\000f\000r\000o\000m\000\040\000a\000n\000\040\000e\000n\000s\000e\000m\000b\000l\000e\000\040\000o\000f\000\040\000s\000u\000r\000r\000o\000g\000a\000t\000e\000s}{section.8}% 30
\BOOKMARK [2][-]{subsection.8.5}{\376\377\000S\000u\000g\000g\000e\000s\000t\000e\000d\000\040\000e\000x\000p\000e\000r\000i\000m\000e\000n\000t\000s}{section.8}% 31
\BOOKMARK [1][-]{section*.40}{\376\377\000E\000x\000e\000r\000c\000i\000s\000e\000s}{}% 32
